Checking the geotrellis package

SBT Maven coordinates:


libraryDependencies ++= Seq(
"org.gdal" % "gdal" % "2.1.0" pomOnly(),

"org.locationtech.geotrellis" %% "geotrellis-raster" % "1.0.0",
"org.locationtech.geotrellis" % "geotrellis-vector_2.11" % "1.1.1",


"org.geotools" % "gt-main" % "16.1",
"org.geotools" % "gt-epsg-hsql" % "16.1" % "test",

"org.geotools" % "gt-referencing" % "16.1",
"org.geotools" % "gt-shapefile" % "16.1",



"org.locationtech.geotrellis" % "geotrellis-geotools_2.11" % "1.1.0",

"org.locationtech.geotrellis" % "geotrellis-shapefile_2.11" % "1.1.0"
)

resolvers += "osgeo" at "http://download.osgeo.org/webdav/geotools"
resolvers += "boundless" at "http://repo.boundlessgeo.com/main"
resolvers += "imageio" at "http://maven.geo-solutions.it"


_
__________________________________
REPL:


scala> import geotrellis._
import geotrellis._

scala> geotrellis.
gdal   macros   proj4   raster   vector

scala> geotrellis.gdal.
Gdal              GroundControlPoint   TypeCFloat64   TypeInt32     
GdalDataType      RasterBand           TypeCInt16     TypeUInt16    
GdalException     RasterColor          TypeCInt32     TypeUInt32    
GdalInfo          RasterDataSet        TypeFloat32    TypeUnknown   
GdalInfoOptions   TypeByte             TypeFloat64                  
GdalReader        TypeCFloat32         TypeInt16                    

scala> geotrellis.vector.
AtLeastOneDimension                                 
AtMostOneDimension                                  
AtMostOneDimensionPolygonSymDifferenceResult        
AtMostOneDimensionPolygonUnionResult                
Circular                                            
Dimensions                                          
DumbMeasure                                         
Exponential                                         
Extent                                              
ExtentRangeError                                    
Feature                                             
Gaussian                                            
GeomFactory                                         
Geometry                                            
GeometryCollection                                  
GeometryCollectionBuilder                           
GeometryCollectionFeature                           
GeometryCollectionResult                            
GeometryResult                                      
GeometryResultMethods                               
Line                                                
LineAtLeastOneDimensionDifferenceResult             
LineFeature                                         
LineMultiPolygonSymDifferenceResult                 
LineMultiPolygonUnionResult                         
LineOneDimensionUnionResult                         
LineResult                                          
Linear                                              
Measure                                             
ModelType                                           
MultiGeometry                                       
MultiLine                                           
MultiLineFeature                                    
MultiLineGeometryDifferenceResult                   
MultiLineMultiLineDifferenceResult                  
MultiLineMultiLineIntersectionResult                
MultiLineMultiLineSymDifferenceResult               
MultiLineMultiLineUnionResult                       
MultiLineMultiPolygonSymDifferenceResult            
MultiLineMultiPolygonUnionResult                    
MultiLineResult                                     
MultiPoint                                          
MultiPointAtLeastOneDimensionIntersectionResult     
MultiPointFeature                                   
MultiPointGeometryDifferenceResult                  
MultiPointMultiLineSymDifferenceResult              
MultiPointMultiLineUnionResult                      
MultiPointMultiPointDifferenceResult                
MultiPointMultiPointIntersectionResult              
MultiPointMultiPointSymDifferenceResult             
MultiPointMultiPointUnionResult                     
MultiPointMultiPolygonSymDifferenceResult           
MultiPointMultiPolygonUnionResult                   
MultiPointResult                                    
MultiPolygon                                        
MultiPolygonFeature                                 
MultiPolygonMultiPolygonDifferenceResult            
MultiPolygonMultiPolygonIntersectionResult          
MultiPolygonMultiPolygonSymDifferenceResult         
MultiPolygonResult                                  
MultiPolygonXDifferenceResult                       
NoResult                                            
OneDimension                                        
OneDimensionAtLeastOneDimensionIntersectionResult   
OneDimensionBoundaryResult                          
OneDimensionOneDimensionSymDifferenceResult         
Point                                               
PointFeature                                        
PointGeometryDifferenceResult                       
PointGeometryIntersectionResult                     
PointMultiLineSymDifferenceResult                   
PointMultiLineUnionResult                           
PointMultiPolygonSymDifferenceResult                
PointMultiPolygonUnionResult                        
PointOrNoResult                                     
PointPointSymDifferenceResult                       
PointResult                                         
PointZeroDimensionsUnionResult                      
Polygon                                             
PolygonAtMostOneDimensionDifferenceResult           
PolygonBoundaryResult                               
PolygonFeature                                      
PolygonResult                                       
ProjectedExtent                                     
Relatable                                           
Semivariogram                                       
SeqLineExtensions                                   
SeqMethods                                          
SeqMultiLineExtensions                              
SeqMultiPointExtensions                             
SeqMultiPolygonExtensions                           
SeqPointExtensions                                  
SeqPolygonExtensions                                
SpatialIndex                                        
Spherical                                           
TwoDimensions                                       
TwoDimensionsTwoDimensionsDifferenceResult          
TwoDimensionsTwoDimensionsIntersectionResult        
TwoDimensionsTwoDimensionsSymDifferenceResult       
TwoDimensionsTwoDimensionsUnionResult               
ZeroDimensions                                      
ZeroDimensionsLineSymDifferenceResult               
ZeroDimensionsLineUnionResult                       
ZeroDimensionsMultiPointSymDifferenceResult         
affine                                              
coordinateArrayToMultiPoint                         
coordinateToPoint                                   
featureToGeometry                                   
geometryCollectionToSeqGeometry                     
io                                                  
multiLineToSeqLine                                  
multiPointToSeqPoint                                
multiPolygonToSeqPolygon                            
op                                                  
package                                             
pointListToCoordinateArray                          
reproject                                           
seqGeometryToGeometryCollection                     
seqLineToMultiLine                                  
seqPointToMultiPoint                                
seqPolygonToMultiPolygon                            
tupleListToPointList                                
tupleOfDoubleToPoint                                
tupleOfIntToPoint                                   
tupleSeqToMultiPoint                                

scala> geotrellis.gdal.
Gdal              GroundControlPoint   TypeCFloat64   TypeInt32     
GdalDataType      RasterBand           TypeCInt16     TypeUInt16    
GdalException     RasterColor          TypeCInt32     TypeUInt32    
GdalInfo          RasterDataSet        TypeFloat32    TypeUnknown   
GdalInfoOptions   TypeByte             TypeFloat64                  
GdalReader        TypeCFloat32         TypeInt16                    

scala> geotrellis.gdal.GdalReader.read

def read(path: String,band: Int): (geotrellis.raster.Tile, geotrellis.raster.RasterExtent)

scala> geotrellis.gdal.GdalReader.read

def read(path: String,band: Int): (geotrellis.raster.Tile, geotrellis.raster.RasterExtent)

scala> geotrellis.ShapeFileReader.
gdal   macros   proj4   raster   util   vector

:reset
____________________________________________

scala> import geotrellis._
import geotrellis._

scala> import geotrellis.geotools._
import geotrellis.geotools._

scala> import geotrellis.shapefile._
import geotrellis.shapefile._


scala> geotrellis.
geotools   macros   proj4   raster   shapefile   util   vector

scala> geotrellis.raster.
ArrayMultibandTile                      UByteRawArrayTile                       
ArrayTile                               UByteUserDefinedNoDataArrayTile         
BitArrayTile                            UByteUserDefinedNoDataCellType          
BitCellType                             UShortArrayTile                         
BitCells                                UShortCellType                          
BitConstantTile                         UShortCells                             
ByteArrayFiller                         UShortConstantNoDataArrayTile           
ByteArrayTile                           UShortConstantNoDataCellType            
ByteCellType                            UShortConstantTile                      
ByteCells                               UShortRawArrayTile                      
ByteConstantNoDataArrayTile             UShortUserDefinedNoDataArrayTile        
ByteConstantNoDataCellType              UShortUserDefinedNoDataCellType         
ByteConstantTile                        UserDefinedByteNoDataConversions        
ByteRawArrayTile                        UserDefinedDoubleNoDataConversions      
ByteUserDefinedNoDataArrayTile          UserDefinedFloatNoDataConversions       
ByteUserDefinedNoDataCellType           UserDefinedIntNoDataConversions         
CellGrid                                UserDefinedNoData                       
CellSet                                 UserDefinedNoDataEncoding               
CellSize                                UserDefinedShortNoDataConversions       
CellType                                WideDoubleNoData                        
CellTypeEncoding                        WideIntNoData                           
CompositeTile                           WidenedNoData                           
Connectivity                            b2d                                     
ConstantNoData                          b2f                                     
ConstantTile                            b2i                                     
CroppedTile                             b2s                                     
DI                                      b2ub                                    
DataType                                b2us                                    
DelayedConversionMultibandTile          byteNODATA                              
DelayedConversionMultibandTileMethods   costdistance                            
DelayedConversionTile                   crop                                    
DelayedConversionTileMethods            d2b                                     
DoubleArrayFiller                       d2f                                     
DoubleArrayTile                         d2i                                     
DoubleCellType                          d2s                                     
DoubleCells                             d2ub                                    
DoubleConstantNoDataArrayTile           d2us                                    
DoubleConstantNoDataCellType            density                                 
DoubleConstantTile                      distance                                
DoubleRawArrayTile                      doubleNODATA                            
DoubleTileMapper                        equalization                            
DoubleTileVisitor                       f2b                                     
DoubleUserDefinedNoDataArrayTile        f2d                                     
DoubleUserDefinedNoDataCellType         f2i                                     
EightNeighbors                          f2s                                     
FixedNoDataEncoding                     f2ub                                    
FloatArrayFiller                        f2us                                    
FloatArrayTile                          floatNODATA                             
FloatCellType                           histogram                               
FloatCells                              hydrology                               
FloatConstantNoDataArrayTile            i2b                                     
FloatConstantNoDataCellType             i2d                                     
FloatConstantTile                       i2f                                     
FloatRawArrayTile                       i2s                                     
FloatUserDefinedNoDataArrayTile         i2ub                                    
FloatUserDefinedNoDataCellType          i2us                                    
FourNeighbors                           interpolation                           
GeoAttrsError                           io                                      
Grid                                    isData                                  
GridBounds                              isNoData                                
GridExtent                              mapalgebra                              
HillshadeTuple                          mask                                    
IntArrayFiller                          matching                                
IntArrayTile                            merge                                   
IntCellType                             package                                 
IntCells                                prototype                               
IntConstantNoDataArrayTile              rasterize                               
IntConstantNoDataCellType               regiongroup                             
IntConstantTile                         render                                  
IntRawArrayTile                         reproject                               
IntTileMapper                           resample                                
IntTileVisitor                          s2b                                     
IntUserDefinedNoDataArrayTile           s2d                                     
IntUserDefinedNoDataCellType            s2f                                     
IterableTile                            s2i                                     
MacroGeotiffMultibandCombiners          s2ub                                    
MacroMultibandCombiners                 s2us                                    
MappableTile                            shortNODATA                             
MultibandRaster                         sigmoidal                               
MultibandTile                           split                                   
MutableArrayTile                        stitch                                  
NODATA                                  summary                                 
NoDataHandling                          ub2b                                    
NoNoData                                ub2d                                    
PixelInterleaveBandArrayTile            ub2f                                    
PixelIsArea                             ub2i                                    
PixelIsPoint                            ub2s                                    
PixelSampleType                         ub2us                                   
ProjectedRaster                         ubyteNODATA                             
Raster                                  us2b                                    
RasterExtent                            us2d                                    
RawArrayTile                            us2f                                    
SegmentCombiner                         us2i                                    
ShortArrayFiller                        us2s                                    
ShortArrayTile                          us2ub                                   
ShortCellType                           ushortNODATA                            
ShortCells                              vectorize                               
ShortConstantNoDataArrayTile            viewshed                                
ShortConstantNoDataCellType             withDoubleKernelDensityMethods          
ShortConstantTile                       withEuclideanDistanceTileArrayMethods   
ShortRawArrayTile                       withEuclideanDistanceTileMethods        
ShortUserDefinedNoDataArrayTile         withExtentCropMethods                   
ShortUserDefinedNoDataCellType          withFeatureDoubleRasterizeMethods       
SinglebandRaster                        withFeatureIntRasterizeMethods          
SinglebandRasterAnyRefMethods           withGeometryRasterizeMethods            
SpecifiedUserDefinedNoDataEncoding      withIntKernelDensityMethods             
Tile                                    withInverseDistanceWeightedMethods      
TileExtents                             withKrigingInterpolationMethods         
TileFeature                             withMultibandRasterMethods              
TileLayout                              withMultibandTileMethods                
TileOrMultibandTile                     withProjectedRasterReprojectMethods     
TileTupleExtensions                     withRasterExtentRasterizeMethods        
TraversableTileExtensions               withRasterExtentSplitMethods            
UByteArrayTile                          withRasterMaskMethods                   
UByteCellType                           withRasterMergeMethods                  
UByteCells                              withRasterSplitMethods                  
UByteConstantNoDataArrayTile            withSinglebandRasterMethods             
UByteConstantNoDataCellType             withTileMethods                         
UByteConstantTile                       withTileSeqMethods                      

scala> geotrellis.vector.
AtLeastOneDimension                                 
AtMostOneDimension                                  
AtMostOneDimensionPolygonSymDifferenceResult        
AtMostOneDimensionPolygonUnionResult                
Dimensions                                          
EuclideanMeasure                                    
Extent                                              
ExtentRangeError                                    
Feature                                             
GeomFactory                                         
Geometry                                            
GeometryCollection                                  
GeometryCollectionBuilder                           
GeometryCollectionFeature                           
GeometryCollectionResult                            
GeometryCollectionTransformations                   
GeometryResult                                      
GeometryResultMethods                               
Line                                                
LineAtLeastOneDimensionDifferenceResult             
LineFeature                                         
LineMultiPolygonSymDifferenceResult                 
LineMultiPolygonUnionResult                         
LineOneDimensionUnionResult                         
LineResult                                          
LineTransformations                                 
Measure                                             
MultiGeometry                                       
MultiLine                                           
MultiLineFeature                                    
MultiLineGeometryDifferenceResult                   
MultiLineMultiLineDifferenceResult                  
MultiLineMultiLineIntersectionResult                
MultiLineMultiLineSymDifferenceResult               
MultiLineMultiLineUnionResult                       
MultiLineMultiPolygonSymDifferenceResult            
MultiLineMultiPolygonUnionResult                    
MultiLineResult                                     
MultiLineTransformations                            
MultiPoint                                          
MultiPointAtLeastOneDimensionIntersectionResult     
MultiPointFeature                                   
MultiPointGeometryDifferenceResult                  
MultiPointMultiLineSymDifferenceResult              
MultiPointMultiLineUnionResult                      
MultiPointMultiPointDifferenceResult                
MultiPointMultiPointIntersectionResult              
MultiPointMultiPointSymDifferenceResult             
MultiPointMultiPointUnionResult                     
MultiPointMultiPolygonSymDifferenceResult           
MultiPointMultiPolygonUnionResult                   
MultiPointResult                                    
MultiPointTransformations                           
MultiPolygon                                        
MultiPolygonFeature                                 
MultiPolygonMultiPolygonDifferenceResult            
MultiPolygonMultiPolygonIntersectionResult          
MultiPolygonMultiPolygonSymDifferenceResult         
MultiPolygonResult                                  
MultiPolygonTransformations                         
MultiPolygonXDifferenceResult                       
NoResult                                            
OneDimension                                        
OneDimensionAtLeastOneDimensionIntersectionResult   
OneDimensionBoundaryResult                          
OneDimensionOneDimensionSymDifferenceResult         
Point                                               
PointFeature                                        
PointGeometryDifferenceResult                       
PointMultiLineSymDifferenceResult                   
PointMultiLineUnionResult                           
PointMultiPolygonSymDifferenceResult                
PointMultiPolygonUnionResult                        
PointOrNoResult                                     
PointPointSymDifferenceResult                       
PointResult                                         
PointZeroDimensionsUnionResult                      
Polygon                                             
PolygonAtMostOneDimensionDifferenceResult           
PolygonBoundaryResult                               
PolygonFeature                                      
PolygonOrNoResult                                   
PolygonResult                                       
PolygonTransformations                              
ProjectedExtent                                     
ReprojectExtent                                     
ReprojectFeature                                    
ReprojectGeometry                                   
ReprojectGeometryCollection                         
ReprojectGeometryCollectionFeature                  
ReprojectLine                                       
ReprojectLineFeature                                
ReprojectMultiPoint                                 
ReprojectMultiPointFeature                          
ReprojectMutliLine                                  
ReprojectMutliLineFeature                           
ReprojectMutliPolygon                               
ReprojectMutliPolygonFeature                        
ReprojectPoint                                      
ReprojectPointFeature                               
ReprojectPolygon                                    
ReprojectPolygonFeature                             
ReprojectTuple                                      
SeqLineExtensions                                   
SeqMethods                                          
SeqMultiLineExtensions                              
SeqMultiPointExtensions                             
SeqMultiPolygonExtensions                           
SeqPointExtensions                                  
SeqPolygonExtensions                                
SpatialIndex                                        
TwoDimensions                                       
TwoDimensionsTwoDimensionsDifferenceResult          
TwoDimensionsTwoDimensionsIntersectionResult        
TwoDimensionsTwoDimensionsSeqUnionResult            
TwoDimensionsTwoDimensionsSymDifferenceResult       
TwoDimensionsTwoDimensionsUnionResult               
ZeroDimensions                                      
ZeroDimensionsLineSymDifferenceResult               
ZeroDimensionsLineUnionResult                       
ZeroDimensionsMultiPointSymDifferenceResult         
affine                                              
arrayLineToMultiLine                                
arrayPointToMultiPoint                              
arrayPolygonToMultiPolygon                          
convexhull                                          
coordinateArrayToMultiPoint                         
coordinateToPoint                                   
densify                                             
dissolve                                            
interpolation                                       
io                                                  
multiLineToSeqLine                                  
multiPointToSeqPoint                                
multiPolygonToSeqPolygon                            
package                                             
pointListToCoordinateArray                          
prepared                                            
reproject                                           
seqGeometryToGeometryCollection                     
seqLineToMultiLine                                  
seqPointToMultiPoint                                
seqPolygonToMultiPolygon                            
simplify                                            
summary                                             
tupleListToPointList                                
tupleOfDoubleToPoint                                
tupleOfIntToPoint                                   
tupleSeqToMultiPoint                                
voronoi                                             
withAnyGeometryMethods                              
withDelaunayTriangulationArrayMethods               
withDelaunayTriangulationMethods                    
withPointMethod                                     
withVoronoiDiagramArrayMethods                      
withVoronoiDiagramMethods                           

scala> geotrellis.geotools.
FeatureToSimpleFeatureMethods                          
GeometryToSimpleFeature                                
GeometryToSimpleFeatureMethods                         
GridCoverage2DConversionMethods                        
GridCoverage2DConverters                               
MultibandProjectedRasterToGridCoverage2DMethods        
MultibandRasterToGridCoverage2DMethods                 
SimpleFeatureToFeature                                 
SimpleFeatureToFeatureMethods                          
SimpleFeatureToGeometryMethods                         
SinglebandProjectedRasterToGridCoverage2DMethods       
SinglebandRasterToGridCoverage2DMethods                
ToGridCoverage2DMethods                                
package                                                
withFeatureToSimpleFeatureMethods                      
withGeometryToSimpleFeatureMethods                     
withGridCoverage2DConversionMethods                    
withMultibandProjectedRasterToGridCoverage2DMethods    
withMultibandRasterToGridCoverage2DMethods             
withSimpleFeatureMethods                               
withSinglebandProjectedRasterToGridCoverage2DMethods   
withSinglebandRasterToGridCoverage2DMethods            



