Using the Java wrapper of Gnuplot, JavaPlot, in Scala   
Author: Roxana Tesileanu, INCDS BV, roxana.te@web.de

JavaPlot is a pure Java programming interface library for GNUPlot.


Add the following dependency to your build.sbt file:
// https://mvnrepository.com/artifact/com.panayotis/javaplot
libraryDependencies += "com.panayotis" % "javaplot" % "0.5.0"

The first example bellow is from:
https://stackoverflow.com/questions/9331548/javaplot-and-gnuplot

and from 

http://javaplot.panayotis.com/example.html

and works perfectly!

The javadoc is at:
http://javaplot.panayotis.com/doc/index.html
 
_______________new REPL session ___________________

scala> import com.panayotis.gnuplot.JavaPlot
import com.panayotis.gnuplot.JavaPlot

scala> val p = new JavaPlot()
p: com.panayotis.gnuplot.JavaPlot = com.panayotis.gnuplot.JavaPlot@36a47ce6

scala> p.addPlot("sin(x)"))
<console>:1: error: ';' expected but ')' found.
p.addPlot("sin(x)"))
                   ^

scala> p.addPlot("sin(x)")

scala> p.plot()

AND THE PLOT APPEARED!
_____________________________________________________


